<?xml version="1.0"?>
<root attr_two="two" attr_three="three" attr_four="four"/>
