<?xml version="1.0"?>
<root attr_one="one" attr_three="three" attr_four="four"/>
