<?xml version="1.0"?>
<root attr_one="one" attr_two="two" attr_three="three"/>
