<?xml version="1.0"?>
<person>
  <name>Peter</name>
  <state>CO</state>
</person>
