<?xml version="1.0"?>
<person>
  <name>Peter</name>
  <state>CO</state>
</person>
<?xml version="1.0"?>
<person>
  <name>Isaac</name>
  <state>CA</state>
</person>
<?xml version="1.0"?>
<person>
  <name>Albert</name>
  <state>AZ</state>
</person>
