<?xml version="1.0"?>
<root>
    <replace><replace_child/></replace>
</root>
