<?xml version="1.0"?>
<replace>
  <replace_child/>
</replace>
