<?xml version="1.0"?>
<root>
  <to_stay>
    <child3/>
    <child4/>
  </to_stay>
</root>
