<?xml version="1.0"?>
<to_stay>
  <child3/>
  <child4/>
</to_stay>
