<?xml version="1.0"?>
<root>
  <inserted/>
  <insert_after/>
  <insert_before>
    <child1/>
  </insert_before>
</root>
