type_element
    type_element
        type_element
            type_text
