type_element
    type_comment
    type_text
    type_pi
    type_text
    type_element
        type_element
            type_cdata
    type_text
