type_element
    type_entity_ref
        type_dtd_entity
            type_text
