<?xml version="1.0"?>
<root>
  <apple/>
  <banana/>
  <grape/>
  <orange/>
  <peach/>
  <strawberry/>
</root>

