<?xml version="1.0"?>
<![CDATA[This is a CDATA section]]>
