<?xml version="1.0"?>
<!--This is an XML comment-->
