<?xml version="1.0"?>
<blank/>
<?xml version="1.0"?>
<root>pcdata</root>
