1
<?xml version="1.0"?>
<root xmlns:xi="http://www.w3.org/2001/XInclude">
    <child>
	<subchild xml:base="data/14inc.xml"><innerchild self="yes"/></subchild>
    </child>
</root>
