<?xml version="1.0"?>
<?test one="1"?>
<root/>
<!-- Comment From push_back -->
<!-- Comment From insert -->
