xml::document::push_back can't take element type nodes
