xml::document::insert can't take element type nodes
