<?xml version="1.0"?>
<root/>
<!-- This is the replacement comment -->
