xml::document::replace can't replace element type nodes
