<?xml version="1.0"?>
<root/>
<!-- Comment from push_back -->
