xml::document::erase can't erase element type nodes
