<HTML><BODY>foo == bar<H1>root</H1>
    <H3>child</H3>
    <H3>child</H3>
</BODY></HTML>
