<?xml version="1.0"?>
<root xmlns:p1="href_1" xmlns:p2="href_2">
  <p2:child/>
</root>
