<?xml version="1.0"?>
<root xmlns:p1="href1" xmlns:p2="href2" p2:attr="val"/>
